src/game/scenes/Game.ts(263,13): error TS6133: 'flashScreen' is declared but its value is never read.
